[0m16:25:54.590664 [debug] [MainThread]: Sending event: {'category': 'dbt', 'action': 'invocation', 'label': 'start', 'context': [<snowplow_tracker.self_describing_json.SelfDescribingJson object at 0x000001F640BD5FD0>, <snowplow_tracker.self_describing_json.SelfDescribingJson object at 0x000001F6433AFD90>, <snowplow_tracker.self_describing_json.SelfDescribingJson object at 0x000001F6433AF890>]}


============================== 16:25:54.602850 | 1a6b103b-3165-4134-99aa-af865a2c4186 ==============================
[0m16:25:54.602850 [info ] [MainThread]: Running with dbt=1.12.3
[0m16:25:54.604670 [debug] [MainThread]: running dbt with arguments {'maximum_seed_size_mib': '1', 'no_print': 'None', 'static_parser': 'True', 'warn_error_options': 'WarnErrorOptionsV2(error=[], warn=[], silence=[])', 'version_check': 'True', 'target_path': 'None', 'printer_width': '80', 'write_json': 'True', 'empty': 'None', 'log_cache_events': 'False', 'introspect': 'True', 'cache_selected_only': 'False', 'fail_fast': 'False', 'debug': 'False', 'log_format': 'default', 'profiles_dir': 'C:\\Users\\Michel\\.dbt', 'send_anonymous_usage_stats': 'True', 'quiet': 'False', 'warn_error': 'None', 'partial_parse': 'True', 'invocation_command': 'dbt init brasileirao_dbt', 'hints_enabled': 'True', 'indirect_selection': 'eager', 'use_experimental_parser': 'False', 'use_colors': 'True', 'log_path': 'logs'}
[0m16:25:54.663969 [info ] [MainThread]: Creating dbt configuration folder at C:\Users\Michel\.dbt
[0m16:25:54.672036 [debug] [MainThread]: Starter project path: C:\Users\Michel\AppData\Local\Programs\Python\Python313\Lib\site-packages\dbt\include\starter_project
[0m16:25:54.732157 [info ] [MainThread]: Setting up your profile.
[0m16:30:11.724606 [error] [MainThread]: [[31mERROR[0m]: Encountered an error:

[0m16:30:11.784126 [error] [MainThread]: Traceback (most recent call last):
  File "C:\Users\Michel\AppData\Local\Programs\Python\Python313\Lib\site-packages\dbt\cli\requires.py", line 198, in wrapper
    result, success = func(*args, **kwargs)
                      ~~~~^^^^^^^^^^^^^^^^^
  File "C:\Users\Michel\AppData\Local\Programs\Python\Python313\Lib\site-packages\dbt\cli\requires.py", line 144, in wrapper
    return func(*args, **kwargs)
  File "C:\Users\Michel\AppData\Local\Programs\Python\Python313\Lib\site-packages\dbt\cli\main.py", line 504, in init
    results = task.run()
  File "C:\Users\Michel\AppData\Local\Programs\Python\Python313\Lib\site-packages\dbt\task\init.py", line 363, in run
    self.setup_profile(profile_name)
    ~~~~~~~~~~~~~~~~~~^^^^^^^^^^^^^^
  File "C:\Users\Michel\AppData\Local\Programs\Python\Python313\Lib\site-packages\dbt\task\init.py", line 265, in setup_profile
    self.create_profile_from_target(adapter, profile_name=profile_name)
    ~~~~~~~~~~~~~~~~~~~~~~~~~~~~~~~^^^^^^^^^^^^^^^^^^^^^^^^^^^^^^^^^^^^
  File "C:\Users\Michel\AppData\Local\Programs\Python\Python313\Lib\site-packages\dbt\task\init.py", line 182, in create_profile_from_target
    self.create_profile_from_profile_template(profile_template, profile_name)
    ~~~~~~~~~~~~~~~~~~~~~~~~~~~~~~~~~~~~~~~~~^^^^^^^^^^^^^^^^^^^^^^^^^^^^^^^^
  File "C:\Users\Michel\AppData\Local\Programs\Python\Python313\Lib\site-packages\dbt\task\init.py", line 166, in create_profile_from_profile_template
    target = self.generate_target_from_input(prompts, initial_target)
  File "C:\Users\Michel\AppData\Local\Programs\Python\Python313\Lib\site-packages\dbt\task\init.py", line 132, in generate_target_from_input
    target[key] = click.prompt(
                  ~~~~~~~~~~~~^
        text, default=default, hide_input=hide_input, type=type
        ^^^^^^^^^^^^^^^^^^^^^^^^^^^^^^^^^^^^^^^^^^^^^^^^^^^^^^^
    )
    ^
  File "C:\Users\Michel\AppData\Local\Programs\Python\Python313\Lib\site-packages\click\termui.py", line 218, in prompt
    value = prompt_func(prompt)
  File "C:\Users\Michel\AppData\Local\Programs\Python\Python313\Lib\site-packages\click\termui.py", line 201, in prompt_func
    raise Abort() from None
click.exceptions.Abort

[0m16:30:11.786942 [debug] [MainThread]: Command `dbt init` failed at 16:30:11.786681 after 257.47 seconds
[0m16:30:11.787748 [debug] [MainThread]: Sending event: {'category': 'dbt', 'action': 'invocation', 'label': 'end', 'context': [<snowplow_tracker.self_describing_json.SelfDescribingJson object at 0x000001F643446B10>, <snowplow_tracker.self_describing_json.SelfDescribingJson object at 0x000001F6436457F0>, <snowplow_tracker.self_describing_json.SelfDescribingJson object at 0x000001F6433F28B0>]}
[0m16:30:11.788530 [debug] [MainThread]: Flushing usage events
[0m16:30:13.129393 [debug] [MainThread]: An error was encountered while trying to flush usage events
[0m16:30:20.873318 [debug] [MainThread]: Sending event: {'category': 'dbt', 'action': 'invocation', 'label': 'start', 'context': [<snowplow_tracker.self_describing_json.SelfDescribingJson object at 0x000001D19577DA90>, <snowplow_tracker.self_describing_json.SelfDescribingJson object at 0x000001D197F2BD90>, <snowplow_tracker.self_describing_json.SelfDescribingJson object at 0x000001D197F2B890>]}


============================== 16:30:20.881866 | a778a6ca-3889-4e9b-88a5-8f1ef81660a0 ==============================
[0m16:30:20.881866 [info ] [MainThread]: Running with dbt=1.12.3
[0m16:30:20.883072 [debug] [MainThread]: running dbt with arguments {'static_parser': 'True', 'no_print': 'None', 'version_check': 'True', 'target_path': 'None', 'warn_error_options': 'WarnErrorOptionsV2(error=[], warn=[], silence=[])', 'maximum_seed_size_mib': '1', 'printer_width': '80', 'write_json': 'True', 'empty': 'None', 'log_cache_events': 'False', 'introspect': 'True', 'cache_selected_only': 'False', 'fail_fast': 'False', 'debug': 'False', 'log_format': 'default', 'profiles_dir': 'C:\\Users\\Michel\\.dbt', 'send_anonymous_usage_stats': 'True', 'quiet': 'False', 'warn_error': 'None', 'partial_parse': 'True', 'invocation_command': 'dbt init brasileirao_dbt', 'hints_enabled': 'True', 'use_colors': 'True', 'use_experimental_parser': 'False', 'indirect_selection': 'eager', 'log_path': 'logs'}
[0m16:30:20.939556 [info ] [MainThread]: A project called brasileirao_dbt already exists here.
[0m16:30:20.941857 [debug] [MainThread]: Command `dbt init` succeeded at 16:30:20.941616 after 0.40 seconds
[0m16:30:20.942537 [debug] [MainThread]: Sending event: {'category': 'dbt', 'action': 'invocation', 'label': 'end', 'context': [<snowplow_tracker.self_describing_json.SelfDescribingJson object at 0x000001D197F5E9E0>, <snowplow_tracker.self_describing_json.SelfDescribingJson object at 0x000001D197DEE8D0>, <snowplow_tracker.self_describing_json.SelfDescribingJson object at 0x000001D197F71BF0>]}
[0m16:30:20.943270 [debug] [MainThread]: Flushing usage events
[0m16:30:22.207638 [debug] [MainThread]: An error was encountered while trying to flush usage events
[0m16:32:54.931154 [debug] [MainThread]: Sending event: {'category': 'dbt', 'action': 'invocation', 'label': 'start', 'context': [<snowplow_tracker.self_describing_json.SelfDescribingJson object at 0x000002105FD1DA90>, <snowplow_tracker.self_describing_json.SelfDescribingJson object at 0x00000210624D7D90>, <snowplow_tracker.self_describing_json.SelfDescribingJson object at 0x00000210624D7890>]}


============================== 16:32:54.939737 | b7b9bea6-cd90-4cda-8085-b2b27be01b97 ==============================
[0m16:32:54.939737 [info ] [MainThread]: Running with dbt=1.12.3
[0m16:32:54.940992 [debug] [MainThread]: running dbt with arguments {'static_parser': 'True', 'no_print': 'None', 'version_check': 'True', 'warn_error_options': 'WarnErrorOptionsV2(error=[], warn=[], silence=[])', 'target_path': 'None', 'maximum_seed_size_mib': '1', 'printer_width': '80', 'write_json': 'True', 'introspect': 'True', 'log_cache_events': 'False', 'empty': 'None', 'cache_selected_only': 'False', 'fail_fast': 'False', 'debug': 'False', 'log_format': 'default', 'partial_parse': 'True', 'send_anonymous_usage_stats': 'True', 'quiet': 'False', 'warn_error': 'None', 'profiles_dir': 'C:\\Users\\Michel\\.dbt', 'use_colors': 'True', 'hints_enabled': 'True', 'indirect_selection': 'eager', 'use_experimental_parser': 'False', 'invocation_command': 'dbt init brasileirao_dbt', 'log_path': 'logs'}
[0m16:32:55.000793 [debug] [MainThread]: Starter project path: C:\Users\Michel\AppData\Local\Programs\Python\Python313\Lib\site-packages\dbt\include\starter_project
[0m16:32:55.036448 [info ] [MainThread]: Setting up your profile.
[0m16:33:46.305517 [info ] [MainThread]: Profile brasileirao_dbt written to C:\Users\Michel\.dbt\profiles.yml using target's profile_template.yml and your supplied values.
[0m16:33:46.312796 [info ] [MainThread]: Running dbt debug to validate the project...
[0m16:33:46.315115 [info ] [MainThread]: dbt version: 1.12.3
[0m16:33:46.316505 [info ] [MainThread]: python version: 3.13.6
[0m16:33:46.317690 [info ] [MainThread]: python path: C:\Users\Michel\AppData\Local\Programs\Python\Python313\python.exe
[0m16:33:46.318878 [info ] [MainThread]: os info: Windows-10-10.0.19045-SP0
[0m16:33:46.644845 [info ] [MainThread]: Using profiles dir at C:\Users\Michel\.dbt
[0m16:33:46.652712 [info ] [MainThread]: Using profiles.yml file at C:\Users\Michel\.dbt\profiles.yml
[0m16:33:46.657523 [info ] [MainThread]: Using dbt_project.yml file at C:\Users\Michel\Desktop\brazilian-soccer-etl-pipeline\brasileirao_dbt\dbt_project.yml
[0m16:33:46.670010 [info ] [MainThread]: adapter type: postgres
[0m16:33:46.671558 [info ] [MainThread]: adapter version: 1.11.0
[0m16:33:47.082128 [info ] [MainThread]: Configuration:
[0m16:33:47.083467 [info ] [MainThread]:   profiles.yml file [[32mOK found and valid[0m]
[0m16:33:47.084717 [info ] [MainThread]:   dbt_project.yml file [[32mOK found and valid[0m]
[0m16:33:47.085910 [info ] [MainThread]: Required dependencies:
[0m16:33:47.087195 [debug] [MainThread]: Executing "git --help"
[0m16:33:47.198598 [debug] [MainThread]: STDOUT: "b"usage: git [-v | --version] [-h | --help] [-C <path>] [-c <name>=<value>]\n           [--exec-path[=<path>]] [--html-path] [--man-path] [--info-path]\n           [-p | --paginate | -P | --no-pager] [--no-replace-objects] [--no-lazy-fetch]\n           [--no-optional-locks] [--no-advice] [--bare] [--git-dir=<path>]\n           [--work-tree=<path>] [--namespace=<name>] [--config-env=<name>=<envvar>]\n           <command> [<args>]\n\nThese are common Git commands used in various situations:\n\nstart a working area (see also: git help tutorial)\n   clone      Clone a repository into a new directory\n   init       Create an empty Git repository or reinitialize an existing one\n\nwork on the current change (see also: git help everyday)\n   add        Add file contents to the index\n   mv         Move or rename a file, a directory, or a symlink\n   restore    Restore working tree files\n   rm         Remove files from the working tree and from the index\n\nexamine the history and state (see also: git help revisions)\n   bisect     Use binary search to find the commit that introduced a bug\n   diff       Show changes between commits, commit and working tree, etc\n   grep       Print lines matching a pattern\n   log        Show commit logs\n   show       Show various types of objects\n   status     Show the working tree status\n\ngrow, mark and tweak your common history\n   backfill   Download missing objects in a partial clone\n   branch     List, create, or delete branches\n   commit     Record changes to the repository\n   merge      Join two or more development histories together\n   rebase     Reapply commits on top of another base tip\n   reset      Reset current HEAD to the specified state\n   switch     Switch branches\n   tag        Create, list, delete or verify a tag object signed with GPG\n\ncollaborate (see also: git help workflows)\n   fetch      Download objects and refs from another repository\n   pull       Fetch from and integrate with another repository or a local branch\n   push       Update remote refs along with associated objects\n\n'git help -a' and 'git help -g' list available subcommands and some\nconcept guides. See 'git help <command>' or 'git help <concept>'\nto read about a specific subcommand or concept.\nSee 'git help git' for an overview of the system.\n""
[0m16:33:47.200178 [debug] [MainThread]: STDERR: "b''"
[0m16:33:47.201419 [info ] [MainThread]:  - git [[32mOK found[0m]

[0m16:33:47.204828 [info ] [MainThread]: Connection:
[0m16:33:47.207575 [info ] [MainThread]:   host: aws-0-sa-east-1.pooler.supabase.com
[0m16:33:47.208838 [info ] [MainThread]:   port: 6543
[0m16:33:47.209964 [info ] [MainThread]:   user: postgres.hvdhhplcasoifzhhbnju
[0m16:33:47.212441 [info ] [MainThread]:   database: postgres
[0m16:33:47.213809 [info ] [MainThread]:   schema: dbt_dev
[0m16:33:47.215777 [info ] [MainThread]:   connect_timeout: 10
[0m16:33:47.217420 [info ] [MainThread]:   role: None
[0m16:33:47.218892 [info ] [MainThread]:   search_path: None
[0m16:33:47.220441 [info ] [MainThread]:   keepalives_idle: 0
[0m16:33:47.221711 [info ] [MainThread]:   sslmode: None
[0m16:33:47.222997 [info ] [MainThread]:   sslcert: None
[0m16:33:47.224366 [info ] [MainThread]:   sslkey: None
[0m16:33:47.225934 [info ] [MainThread]:   sslrootcert: None
[0m16:33:47.228109 [info ] [MainThread]:   application_name: dbt
[0m16:33:47.229719 [info ] [MainThread]:   autocommit: False
[0m16:33:47.231506 [info ] [MainThread]:   retries: 1
[0m16:33:47.233666 [info ] [MainThread]: Registered adapter: postgres=1.11.0
[0m16:33:49.321978 [debug] [MainThread]: Acquiring new postgres connection 'debug'
[0m16:33:55.046106 [debug] [MainThread]: Using postgres connection "debug"
[0m16:33:55.046871 [debug] [MainThread]: On debug: select 1 as id
[0m16:33:55.047471 [debug] [MainThread]: Opening a new connection, currently in state init
[0m16:33:55.416949 [debug] [MainThread]: SQL status: SELECT 1 in 0.369 seconds
[0m16:33:55.418538 [debug] [MainThread]: On debug: Close
[0m16:33:55.420467 [info ] [MainThread]:   Connection test: [[32mOK connection ok[0m]

[0m16:33:55.421594 [info ] [MainThread]: [32mAll checks passed![0m
[0m16:33:55.422679 [info ] [MainThread]: Your new dbt project "brasileirao_dbt" was created!
Initialized new project in C:\Users\Michel\Desktop\brazilian-soccer-etl-pipeline\brasileirao_dbt\brasileirao_dbt

For more information on how to configure the profiles.yml file,
please consult the dbt documentation here:

  https://docs.getdbt.com/docs/configure-your-profile

One more thing:

Need help? Don't hesitate to reach out to us via GitHub issues or on Slack:

  https://community.getdbt.com/

Happy modeling!

[0m16:33:55.425577 [debug] [MainThread]: Command `dbt init` succeeded at 16:33:55.425306 after 60.82 seconds
[0m16:33:55.426250 [debug] [MainThread]: Connection 'debug' was properly closed.
[0m16:33:55.426908 [debug] [MainThread]: Sending event: {'category': 'dbt', 'action': 'invocation', 'label': 'end', 'context': [<snowplow_tracker.self_describing_json.SelfDescribingJson object at 0x00000210626D1940>, <snowplow_tracker.self_describing_json.SelfDescribingJson object at 0x000002106239E8D0>, <snowplow_tracker.self_describing_json.SelfDescribingJson object at 0x0000021062763CE0>]}
[0m16:33:55.427552 [debug] [MainThread]: Flushing usage events
[0m16:33:56.892810 [debug] [MainThread]: An error was encountered while trying to flush usage events
[0m16:30:21.629001 [debug] [MainThread]: Sending event: {'category': 'dbt', 'action': 'invocation', 'label': 'start', 'context': [<snowplow_tracker.self_describing_json.SelfDescribingJson object at 0x0000024FDD3FDA90>, <snowplow_tracker.self_describing_json.SelfDescribingJson object at 0x0000024FDFC03ED0>, <snowplow_tracker.self_describing_json.SelfDescribingJson object at 0x0000024FDFC039D0>]}


============================== 16:30:21.641027 | a6493229-0f5d-4fd7-96e6-9e47eb606abd ==============================
[0m16:30:21.641027 [info ] [MainThread]: Running with dbt=1.12.3
[0m16:30:21.642695 [debug] [MainThread]: running dbt with arguments {'maximum_seed_size_mib': '1', 'no_print': 'None', 'static_parser': 'True', 'target_path': 'None', 'version_check': 'True', 'warn_error_options': 'WarnErrorOptionsV2(error=[], warn=[], silence=[])', 'printer_width': '80', 'write_json': 'True', 'empty': 'False', 'log_cache_events': 'False', 'introspect': 'True', 'cache_selected_only': 'False', 'fail_fast': 'False', 'debug': 'False', 'log_format': 'default', 'partial_parse': 'True', 'send_anonymous_usage_stats': 'True', 'quiet': 'False', 'warn_error': 'None', 'profiles_dir': 'C:\\Users\\Michel\\.dbt', 'invocation_command': 'dbt run', 'hints_enabled': 'True', 'use_colors': 'True', 'use_experimental_parser': 'False', 'indirect_selection': 'eager', 'log_path': 'logs'}
[0m16:30:21.644617 [error] [MainThread]: [[31mERROR[0m]: Encountered an error:
Runtime Error
  No dbt_project.yml found at expected path C:\Users\Michel\Desktop\brazilian-soccer-etl-pipeline\dbt_project.yml
  Verify that each entry within packages.yml (and their transitive dependencies) contains a file named dbt_project.yml
  
[0m16:30:21.647043 [debug] [MainThread]: Command `dbt run` failed at 16:30:21.646804 after 0.33 seconds
[0m16:30:21.647760 [debug] [MainThread]: Sending event: {'category': 'dbt', 'action': 'invocation', 'label': 'end', 'context': [<snowplow_tracker.self_describing_json.SelfDescribingJson object at 0x0000024FDFC262C0>, <snowplow_tracker.self_describing_json.SelfDescribingJson object at 0x0000024FDFBBA9F0>, <snowplow_tracker.self_describing_json.SelfDescribingJson object at 0x0000024FDFC2F790>]}
[0m16:30:21.648412 [debug] [MainThread]: Flushing usage events
[0m16:30:23.104089 [debug] [MainThread]: An error was encountered while trying to flush usage events
